[    0.000000] Linux version 4.15.0-50-generic (buildd@lcy01-amd64-013) (gcc version 7.3.0 (Ubuntu 7.3.0-16ubuntu3)) #54-Ubuntu SMP Mon May 6 18:46:08 UTC 2019 (Ubuntu 4.15.0-50.54-generic 4.15.18)
[    0.000000] Command line: BOOT_IMAGE=/boot/vmlinuz-4.15.0-50-generic root=LABEL=cloudimg-rootfs ro console=tty1 console=ttyS0
[    0.000000] KERNEL supported cpus:
[    0.000000]   Intel GenuineIntel
[    0.000000]   AMD AuthenticAMD
[    0.000000]   Centaur CentaurHauls
[    0.000000] x86/fpu: Supporting XSAVE feature 0x001: 'x87 floating point registers'
[    0.000000] x86/fpu: Supporting XSAVE feature 0x002: 'SSE registers'
[    0.000000] x86/fpu: Supporting XSAVE feature 0x004: 'AVX registers'
[    0.000000] x86/fpu: xstate_offset[2]:  576, xstate_sizes[2]:  256
[    0.000000] x86/fpu: Enabled xstate features 0x7, context size is 832 bytes, using 'standard' format.
[    0.000000] e820: BIOS-provided physical RAM map:
[    0.000000] BIOS-e820: [mem 0x0000000000000000-0x000000000009fbff] usable
[    0.000000] BIOS-e820: [mem 0x000000000009fc00-0x000000000009ffff] reserved
[    0.000000] BIOS-e820: [mem 0x00000000000f0000-0x00000000000fffff] reserved
[    0.000000] BIOS-e820: [mem 0x0000000000100000-0x000000003ffeffff] usable
[    0.000000] BIOS-e820: [mem 0x000000003fff0000-0x000000003fffffff] ACPI data
[    0.000000] BIOS-e820: [mem 0x00000000fec00000-0x00000000fec00fff] reserved
[    0.000000] BIOS-e820: [mem 0x00000000fee00000-0x00000000fee00fff] reserved
[    0.000000] BIOS-e820: [mem 0x00000000fffc0000-0x00000000ffffffff] reserved
[    0.000000] NX (Execute Disable) protection: active
[    0.000000] SMBIOS 2.5 present.
[    0.000000] DMI: innotek GmbH VirtualBox/VirtualBox, BIOS VirtualBox 12/01/2006
[    0.000000] Hypervisor detected: KVM
[    0.000000] e820: last_pfn = 0x3fff0 max_arch_pfn = 0x400000000
[    0.000000] MTRR: Disabled
[    0.000000] x86/PAT: MTRRs disabled, skipping PAT initialization too.
[    0.000000] CPU MTRRs all blank - virtualized system.
[    0.000000] x86/PAT: Configuration [0-7]: WB  WT  UC- UC  WB  WT  UC- UC  
[    0.000000] found SMP MP-table at [mem 0x0009fff0-0x0009ffff] mapped at [        (ptrval)]
[    0.000000] Scanning 1 areas for low memory corruption
[    0.000000] RAMDISK: [mem 0x35add000-0x36d65fff]
[    0.000000] ACPI: Early table checksum verification disabled
[    0.000000] ACPI: RSDP 0x00000000000E0000 000024 (v02 VBOX  )
[    0.000000] ACPI: XSDT 0x000000003FFF0030 00003C (v01 VBOX   VBOXXSDT 00000001 ASL  00000061)
[    0.000000] ACPI: FACP 0x000000003FFF00F0 0000F4 (v04 VBOX   VBOXFACP 00000001 ASL  00000061)
[    0.000000] ACPI: DSDT 0x000000003FFF0470 0022EA (v02 VBOX   VBOXBIOS 00000002 INTL 20100528)
[    0.000000] ACPI: FACS 0x000000003FFF0200 000040
[    0.000000] ACPI: FACS 0x000000003FFF0200 000040
[    0.000000] ACPI: APIC 0x000000003FFF0240 00005C (v02 VBOX   VBOXAPIC 00000001 ASL  00000061)
[    0.000000] ACPI: SSDT 0x000000003FFF02A0 0001CC (v01 VBOX   VBOXCPUT 00000002 INTL 20100528)
[    0.000000] No NUMA configuration found
[    0.000000] Faking a node at [mem 0x0000000000000000-0x000000003ffeffff]
[    0.000000] NODE_DATA(0) allocated [mem 0x3ffc5000-0x3ffeffff]
[    0.000000] kvm-clock: cpu 0, msr 0:3ff44001, primary cpu clock
[    0.000000] kvm-clock: Using msrs 4b564d01 and 4b564d00
[    0.000000] kvm-clock: using sched offset of 3802107910 cycles
[    0.000000] clocksource: kvm-clock: mask: 0xffffffffffffffff max_cycles: 0x1cd42e4dffb, max_idle_ns: 881590591483 ns
[    0.000000] Zone ranges:
[    0.000000]   DMA      [mem 0x0000000000001000-0x0000000000ffffff]
[    0.000000]   DMA32    [mem 0x0000000001000000-0x000000003ffeffff]
[    0.000000]   Normal   empty
[    0.000000]   Device   empty
[    0.000000] Movable zone start for each node
[    0.000000] Early memory node ranges
[    0.000000]   node   0: [mem 0x0000000000001000-0x000000000009efff]
[    0.000000]   node   0: [mem 0x0000000000100000-0x000000003ffeffff]
[    0.000000] Reserved but unavailable: 114 pages
[    0.000000] Initmem setup node 0 [mem 0x0000000000001000-0x000000003ffeffff]
[    0.000000] ACPI: PM-Timer IO Port: 0x4008
[    0.000000] IOAPIC[0]: apic_id 2, version 32, address 0xfec00000, GSI 0-23
[    0.000000] ACPI: INT_SRC_OVR (bus 0 bus_irq 0 global_irq 2 dfl dfl)
[    0.000000] ACPI: INT_SRC_OVR (bus 0 bus_irq 9 global_irq 9 low level)
[    0.000000] Using ACPI (MADT) for SMP configuration information
[    0.000000] smpboot: Allowing 2 CPUs, 0 hotplug CPUs
[    0.000000] PM: Registered nosave memory: [mem 0x00000000-0x00000fff]
[    0.000000] PM: Registered nosave memory: [mem 0x0009f000-0x0009ffff]
[    0.000000] PM: Registered nosave memory: [mem 0x000a0000-0x000effff]
[    0.000000] PM: Registered nosave memory: [mem 0x000f0000-0x000fffff]
[    0.000000] e820: [mem 0x40000000-0xfebfffff] available for PCI devices
[    0.000000] Booting paravirtualized kernel on KVM
[    0.000000] clocksource: refined-jiffies: mask: 0xffffffff max_cycles: 0xffffffff, max_idle_ns: 7645519600211568 ns
[    0.000000] random: get_random_bytes called from start_kernel+0x99/0x4fd with crng_init=0
[    0.000000] setup_percpu: NR_CPUS:8192 nr_cpumask_bits:2 nr_cpu_ids:2 nr_node_ids:1
[    0.000000] percpu: Embedded 46 pages/cpu @        (ptrval) s151552 r8192 d28672 u1048576
[    0.000000] PV qspinlock hash table entries: 256 (order: 0, 4096 bytes)
[    0.000000] Built 1 zonelists, mobility grouping on.  Total pages: 257913
[    0.000000] Policy zone: DMA32
[    0.000000] Kernel command line: BOOT_IMAGE=/boot/vmlinuz-4.15.0-50-generic root=LABEL=cloudimg-rootfs ro console=tty1 console=ttyS0
[    0.000000] Memory: 983596K/1048120K available (12300K kernel code, 2474K rwdata, 4276K rodata, 2412K init, 2416K bss, 64524K reserved, 0K cma-reserved)
[    0.000000] SLUB: HWalign=64, Order=0-3, MinObjects=0, CPUs=2, Nodes=1
[    0.000000] Kernel/User page tables isolation: enabled
[    0.000000] ftrace: allocating 39233 entries in 154 pages
[    0.004000] Hierarchical RCU implementation.
[    0.004000] 	RCU restricting CPUs from NR_CPUS=8192 to nr_cpu_ids=2.
[    0.004000] 	Tasks RCU enabled.
[    0.004000] RCU: Adjusting geometry for rcu_fanout_leaf=16, nr_cpu_ids=2
[    0.004000] NR_IRQS: 524544, nr_irqs: 440, preallocated irqs: 16
[    0.004000] Console: colour VGA+ 80x25
[    0.004000] console [tty1] enabled
[    0.004000] console [ttyS0] enabled
[    0.004000] ACPI: Core revision 20170831
[    0.004000] ACPI: 2 ACPI AML tables successfully acquired and loaded
[    0.004000] APIC: Switch to symmetric I/O mode setup
[    0.004000] x2apic enabled
[    0.004000] Switched APIC routing to physical x2apic.
[    0.004000] ..TIMER: vector=0x30 apic1=0 pin1=2 apic2=-1 pin2=-1
[    0.004006] tsc: Detected 2494.332 MHz processor
[    0.004784] Calibrating delay loop (skipped) preset value.. 4988.66 BogoMIPS (lpj=9977328)
[    0.005390] pid_max: default: 32768 minimum: 301
[    0.006199] Security Framework initialized
[    0.008004] Yama: becoming mindful.
[    0.008634] AppArmor: AppArmor initialized
[    0.009995] Dentry cache hash table entries: 131072 (order: 8, 1048576 bytes)
[    0.011289] Inode-cache hash table entries: 65536 (order: 7, 524288 bytes)
[    0.012020] Mount-cache hash table entries: 2048 (order: 2, 16384 bytes)
[    0.013152] Mountpoint-cache hash table entries: 2048 (order: 2, 16384 bytes)
[    0.014534] mce: CPU supports 0 MCE banks
[    0.016022] Last level iTLB entries: 4KB 512, 2MB 8, 4MB 8
[    0.016929] Last level dTLB entries: 4KB 512, 2MB 32, 4MB 32, 1GB 0
[    0.017944] Spectre V2 : Mitigation: Full generic retpoline
[    0.019305] Spectre V2 : Spectre v2 / SpectreRSB mitigation: Filling RSB on context switch
[    0.020006] Speculative Store Bypass: Vulnerable
[    0.020833] MDS: Mitigation: Clear CPU buffers
[    0.021682] Freeing SMP alternatives memory: 36K
[    0.028000] smpboot: CPU0: Intel(R) Core(TM) i5-3210M CPU @ 2.50GHz (family: 0x6, model: 0x3a, stepping: 0x9)
[    0.028000] Performance Events: unsupported p6 CPU model 58 no PMU driver, software events only.
[    0.028000] Hierarchical SRCU implementation.
[    0.028634] NMI watchdog: Perf event create on CPU 0 failed with -2
[    0.029654] NMI watchdog: Perf NMI watchdog permanently disabled
[    0.030710] smp: Bringing up secondary CPUs ...
[    0.031600] x86: Booting SMP configuration:
[    0.032005] .... node  #0, CPUs:      #1
[    0.004000] kvm-clock: cpu 1, msr 0:3ff44041, secondary cpu clock
[    0.004000] mce: CPU supports 0 MCE banks
[    0.036047] smp: Brought up 1 node, 2 CPUs
[    0.036998] smpboot: Max logical packages: 1
[    0.037717] smpboot: Total of 2 processors activated (9977.32 BogoMIPS)
[    0.040182] devtmpfs: initialized
[    0.040668] x86/mm: Memory block size: 128MB
[    0.041581] evm: security.selinux
[    0.042177] evm: security.SMACK64
[    0.042753] evm: security.SMACK64EXEC
[    0.043399] evm: security.SMACK64TRANSMUTE
[    0.044006] evm: security.SMACK64MMAP
[    0.044631] evm: security.apparmor
[    0.045266] evm: security.ima
[    0.045785] evm: security.capability
[    0.046478] clocksource: jiffies: mask: 0xffffffff max_cycles: 0xffffffff, max_idle_ns: 7645041785100000 ns
[    0.048013] futex hash table entries: 512 (order: 3, 32768 bytes)
[    0.049079] pinctrl core: initialized pinctrl subsystem
[    0.050574] RTC time: 14:16:03, date: 06/04/19
[    0.052234] NET: Registered protocol family 16
[    0.053120] audit: initializing netlink subsys (disabled)
[    0.054061] audit: type=2000 audit(1559657768.682:1): state=initialized audit_enabled=0 res=1
[    0.056016] cpuidle: using governor ladder
[    0.056713] cpuidle: using governor menu
[    0.057441] ACPI: bus type PCI registered
[    0.058117] acpiphp: ACPI Hot Plug PCI Controller Driver version: 0.5
[    0.059233] PCI: Using configuration type 1 for base access
[    0.061203] HugeTLB registered 2.00 MiB page size, pre-allocated 0 pages
[    0.061203] ACPI: Added _OSI(Module Device)
[    0.064013] ACPI: Added _OSI(Processor Device)
[    0.064793] ACPI: Added _OSI(3.0 _SCP Extensions)
[    0.065579] ACPI: Added _OSI(Processor Aggregator Device)
[    0.066496] ACPI: Added _OSI(Linux-Dell-Video)
[    0.067235] ACPI: Added _OSI(Linux-Lenovo-NV-HDMI-Audio)
[    0.068006] ACPI: Added _OSI(Linux-HPI-Hybrid-Graphics)
[    0.069575] ACPI: Executed 1 blocks of module-level executable AML code
[    0.076394] ACPI: Interpreter enabled
[    0.077342] ACPI: (supports S0 S5)
[    0.078221] ACPI: Using IOAPIC for interrupt routing
[    0.079742] PCI: Using host bridge windows from ACPI; if necessary, use "pci=nocrs" and report a bug
[    0.080209] ACPI: Enabled 2 GPEs in block 00 to 07
[    0.090231] ACPI: PCI Root Bridge [PCI0] (domain 0000 [bus 00-ff])
[    0.091662] acpi PNP0A03:00: _OSC: OS supports [ASPM ClockPM Segments MSI]
[    0.092694] acpi PNP0A03:00: _OSC: not requesting OS control; OS requires [ExtendedConfig ASPM ClockPM MSI]
[    0.096025] acpi PNP0A03:00: fail to add MMCONFIG information, can't access extended PCI configuration space under this bridge.
[    0.099074] PCI host bridge to bus 0000:00
[    0.100010] pci_bus 0000:00: root bus resource [io  0x0000-0x0cf7 window]
[    0.101618] pci_bus 0000:00: root bus resource [io  0x0d00-0xffff window]
[    0.103149] pci_bus 0000:00: root bus resource [mem 0x000a0000-0x000bffff window]
[    0.104012] pci_bus 0000:00: root bus resource [mem 0x40000000-0xfdffffff window]
[    0.105806] pci_bus 0000:00: root bus resource [bus 00-ff]
[    0.110098] pci 0000:00:01.1: legacy IDE quirk: reg 0x10: [io  0x01f0-0x01f7]
[    0.112007] pci 0000:00:01.1: legacy IDE quirk: reg 0x14: [io  0x03f6]
[    0.113524] pci 0000:00:01.1: legacy IDE quirk: reg 0x18: [io  0x0170-0x0177]
[    0.115848] pci 0000:00:01.1: legacy IDE quirk: reg 0x1c: [io  0x0376]
[    0.141656] pci 0000:00:07.0: quirk: [io  0x4000-0x403f] claimed by PIIX4 ACPI
[    0.144044] pci 0000:00:07.0: quirk: [io  0x4100-0x410f] claimed by PIIX4 SMB
[    0.163685] ACPI: PCI Interrupt Link [LNKA] (IRQs 5 9 10 *11)
[    0.164984] ACPI: PCI Interrupt Link [LNKB] (IRQs 5 9 *10 11)
[    0.168317] ACPI: PCI Interrupt Link [LNKC] (IRQs 5 *9 10 11)
[    0.170634] ACPI: PCI Interrupt Link [LNKD] (IRQs 5 9 10 *11)
[    0.172777] SCSI subsystem initialized
[    0.173891] pci 0000:00:02.0: vgaarb: setting as boot VGA device
[    0.173891] pci 0000:00:02.0: vgaarb: VGA device added: decodes=io+mem,owns=io+mem,locks=none
[    0.176035] pci 0000:00:02.0: vgaarb: bridge control possible
[    0.181462] vgaarb: loaded
[    0.182319] ACPI: bus type USB registered
[    0.183443] usbcore: registered new interface driver usbfs
[    0.184042] usbcore: registered new interface driver hub
[    0.185432] usbcore: registered new device driver usb
[    0.186849] EDAC MC: Ver: 3.0.0
[    0.188395] PCI: Using ACPI for IRQ routing
[    0.189621] NetLabel: Initializing
[    0.190569] NetLabel:  domain hash size = 128
[    0.192005] NetLabel:  protocols = UNLABELED CIPSOv4 CALIPSO
[    0.193465] NetLabel:  unlabeled traffic allowed by default
[    0.196127] clocksource: Switched to clocksource kvm-clock
[    0.210028] VFS: Disk quotas dquot_6.6.0
[    0.211240] VFS: Dquot-cache hash table entries: 512 (order 0, 4096 bytes)
[    0.213159] AppArmor: AppArmor Filesystem Enabled
[    0.214437] pnp: PnP ACPI init
[    0.217148] pnp: PnP ACPI: found 3 devices
[    0.228089] clocksource: acpi_pm: mask: 0xffffff max_cycles: 0xffffff, max_idle_ns: 2085701024 ns
[    0.230429] NET: Registered protocol family 2
[    0.232643] TCP established hash table entries: 8192 (order: 4, 65536 bytes)
[    0.234421] TCP bind hash table entries: 8192 (order: 5, 131072 bytes)
[    0.236105] TCP: Hash tables configured (established 8192 bind 8192)
[    0.237772] UDP hash table entries: 512 (order: 2, 16384 bytes)
[    0.239266] UDP-Lite hash table entries: 512 (order: 2, 16384 bytes)
[    0.240967] NET: Registered protocol family 1
[    0.242124] pci 0000:00:00.0: Limiting direct PCI/PCI transfers
[    0.243651] pci 0000:00:01.0: Activating ISA DMA hang workarounds
[    0.245292] pci 0000:00:02.0: Video device with shadowed ROM at [mem 0x000c0000-0x000dffff]
[    0.247582] Unpacking initramfs...
[    0.539106] Freeing initrd memory: 18980K
[    0.543294] clocksource: tsc: mask: 0xffffffffffffffff max_cycles: 0x23f44f92df3, max_idle_ns: 440795329494 ns
[    0.545592] platform rtc_cmos: registered platform RTC device (no PNP device found)
[    0.546912] Scanning for low memory corruption every 60 seconds
[    0.549360] Initialise system trusted keyrings
[    0.550581] Key type blacklist registered
[    0.555546] workingset: timestamp_bits=36 max_order=18 bucket_order=0
[    0.559726] zbud: loaded
[    0.561223] squashfs: version 4.0 (2009/01/31) Phillip Lougher
[    0.562456] fuse init (API version 7.26)
[    0.572451] Key type asymmetric registered
[    0.573635] Asymmetric key parser 'x509' registered
[    0.574975] Block layer SCSI generic (bsg) driver version 0.4 loaded (major 246)
[    0.579644] io scheduler noop registered
[    0.581238] io scheduler deadline registered
[    0.582826] io scheduler cfq registered (default)
[    0.585008] ACPI: AC Adapter [AC] (on-line)
[    0.586478] input: Power Button as /devices/LNXSYSTM:00/LNXPWRBN:00/input/input0
[    0.588794] ACPI: Power Button [PWRF]
[    0.589972] input: Sleep Button as /devices/LNXSYSTM:00/LNXSLPBN:00/input/input1
[    0.592272] ACPI: Sleep Button [SLPF]
[    0.595171] ACPI: Battery Slot [BAT0] (battery present)
[    0.596291] Serial: 8250/16550 driver, 32 ports, IRQ sharing enabled
[    0.617061] 00:02: ttyS0 at I/O 0x3f8 (irq = 4, base_baud = 115200) is a 16550A
[    0.620446] Linux agpgart interface v0.103
[    0.622883] loop: module loaded
[    0.625276] scsi host0: ata_piix
[    0.632067] scsi host1: ata_piix
[    0.632712] ata1: PATA max UDMA/33 cmd 0x1f0 ctl 0x3f6 bmdma 0xd000 irq 14
[    0.633784] ata2: PATA max UDMA/33 cmd 0x170 ctl 0x376 bmdma 0xd008 irq 15
[    0.635059] libphy: Fixed MDIO Bus: probed
[    0.635996] tun: Universal TUN/TAP device driver, 1.6
[    0.636952] PPP generic driver version 2.4.2
[    0.637734] ehci_hcd: USB 2.0 'Enhanced' Host Controller (EHCI) Driver
[    0.644827] ehci-pci: EHCI PCI platform driver
[    0.645985] ehci-platform: EHCI generic platform driver
[    0.647229] ohci_hcd: USB 1.1 'Open' Host Controller (OHCI) Driver
[    0.648682] ohci-pci: OHCI PCI platform driver
[    0.651004] ohci-platform: OHCI generic platform driver
[    0.652254] uhci_hcd: USB Universal Host Controller Interface driver
[    0.653934] i8042: PNP: PS/2 Controller [PNP0303:PS2K,PNP0f03:PS2M] at 0x60,0x64 irq 1,12
[    0.656411] serio: i8042 KBD port at 0x60,0x64 irq 1
[    0.657606] serio: i8042 AUX port at 0x60,0x64 irq 12
[    0.658892] mousedev: PS/2 mouse device common for all mice
[    0.660552] input: AT Translated Set 2 keyboard as /devices/platform/i8042/serio0/input/input2
[    0.663042] rtc_cmos rtc_cmos: rtc core: registered rtc_cmos as rtc0
[    0.664654] rtc_cmos rtc_cmos: alarms up to one day, 114 bytes nvram
[    0.666097] i2c /dev entries driver
[    0.666945] pcie_mp2_amd: AMD(R) PCI-E MP2 Communication Driver Version: 1.0
[    0.668341] device-mapper: uevent: version 1.0.3
[    0.669258] device-mapper: ioctl: 4.37.0-ioctl (2017-09-20) initialised: dm-devel@redhat.com
[    0.670700] ledtrig-cpu: registered to indicate activity on CPUs
[    0.672188] NET: Registered protocol family 10
[    0.678040] Segment Routing with IPv6
[    0.678786] NET: Registered protocol family 17
[    0.679966] Key type dns_resolver registered
[    0.681243] RAS: Correctable Errors collector initialized.
[    0.682708] sched_clock: Marking stable (681134097, 0)->(944336445, -263202348)
[    0.684976] registered taskstats version 1
[    0.685972] Loading compiled-in X.509 certificates
[    0.690013] Loaded X.509 cert 'Build time autogenerated kernel key: 0d5cb4b7de8533fd8e7240d711ae9d354ea3dca1'
[    0.692328] zswap: loaded using pool lzo/zbud
[    0.698170] Key type big_key registered
[    0.699134] Key type trusted registered
[    0.703923] Key type encrypted registered
[    0.705172] AppArmor: AppArmor sha1 policy hashing enabled
[    0.706617] ima: No TPM chip found, activating TPM-bypass! (rc=-19)
[    0.708299] ima: Allocated hash algorithm: sha1
[    0.709614] evm: HMAC attrs: 0x1
[    0.710850]   Magic number: 7:503:282
[    0.712147] tty tty19: hash matches
[    0.713147] rtc_cmos rtc_cmos: setting system clock to 2019-06-04 14:16:03 UTC (1559657763)
[    0.715617] BIOS EDD facility v0.16 2004-Jun-25, 0 devices found
[    0.717169] EDD information not available.
[    0.798024] Freeing unused kernel image memory: 2412K
[    0.808119] Write protecting the kernel read-only data: 20480k
[    0.810306] Freeing unused kernel image memory: 2008K
[    0.812058] Freeing unused kernel image memory: 1868K
[    0.821916] x86/mm: Checked W+X mappings: passed, no W+X pages found.
[    0.823614] x86/mm: Checking user space page tables
[    0.832390] x86/mm: Checked W+X mappings: passed, no W+X pages found.
Loading, please wait...
starting version 237
[    0.929428] Fusion MPT base driver 3.04.20
[    0.930609] Copyright (c) 1999-2008 LSI Corporation
[    0.961567] AVX version of gcm_enc/dec engaged.
[    0.962799] AES CTR mode by8 optimization enabled
[    0.965032] e1000: Intel(R) PRO/1000 Network Driver - version 7.3.21-k8-NAPI
[    0.966628] e1000: Copyright (c) 1999-2006 Intel Corporation.
[    0.979326] Fusion MPT SPI Host driver 3.04.20
[    1.162899] input: ImExPS/2 Generic Explorer Mouse as /devices/platform/i8042/serio1/input/input4
[    1.345983] e1000 0000:00:03.0 eth0: (PCI:33MHz:32-bit) 02:89:59:7e:34:d3
[    1.347947] e1000 0000:00:03.0 eth0: Intel(R) PRO/1000 Network Connection
[    1.350732] mptbase: ioc0: Initiating bringup
[    1.465382] ioc0: LSI53C1030 A0: Capabilities={Initiator}
[    2.588180] scsi host2: ioc0: LSI53C1030 A0, FwRev=00000000h, Ports=1, MaxQ=256, IRQ=20
[    2.865101] scsi 2:0:0:0: Direct-Access     VBOX     HARDDISK         1.0  PQ: 0 ANSI: 5
[    2.896232] scsi target2:0:0: Beginning Domain Validation
[    2.902635] scsi target2:0:0: Domain Validation skipping write tests
[    2.905175] scsi target2:0:0: Ending Domain Validation
[    2.907293] scsi target2:0:0: asynchronous
[    2.909041] scsi 2:0:1:0: Direct-Access     VBOX     HARDDISK         1.0  PQ: 0 ANSI: 5
[    3.204224] scsi target2:0:1: Beginning Domain Validation
[    3.208881] random: fast init done
[    3.210492] scsi target2:0:1: Domain Validation skipping write tests
[    3.212593] scsi target2:0:1: Ending Domain Validation
[    3.214543] scsi target2:0:1: asynchronous
[    3.222165] random: systemd-udevd: uninitialized urandom read (16 bytes read)
[    3.225950] random: systemd-udevd: uninitialized urandom read (16 bytes read)
[    3.228973] sd 2:0:0:0: Attached scsi generic sg0 type 0
[    3.230915] sd 2:0:0:0: [sda] 20971520 512-byte logical blocks: (10.7 GB/10.0 GiB)
[    3.233167] sd 2:0:0:0: [sda] Write Protect is off
[    3.234910] sd 2:0:0:0: [sda] Incomplete mode parameter data
[    3.236697] sd 2:0:0:0: [sda] Assuming drive cache: write through
[    3.238521] sd 2:0:1:0: Attached scsi generic sg1 type 0
[    3.240291] random: systemd-udevd: uninitialized urandom read (16 bytes read)
[    3.242453] sd 2:0:1:0: [sdb] 20480 512-byte logical blocks: (10.5 MB/10.0 MiB)
[    3.244065] e1000 0000:00:08.0 eth1: (PCI:33MHz:32-bit) 08:00:27:06:c7:c9
[    3.244071] e1000 0000:00:08.0 eth1: Intel(R) PRO/1000 Network Connection
[    3.248537] e1000 0000:00:08.0 enp0s8: renamed from eth1
[    3.248539] sd 2:0:1:0: [sdb] Write Protect is off
[    3.251815] sd 2:0:1:0: [sdb] Incomplete mode parameter data
[    3.256625] sd 2:0:1:0: [sdb] Assuming drive cache: write through
[    3.265586]  sda: sda1
[    3.267137] sd 2:0:0:0: [sda] Attached SCSI disk
[    3.286197] e1000 0000:00:03.0 enp0s3: renamed from eth0
[    3.311131] sd 2:0:1:0: [sdb] Attached SCSI disk
Begin: Loading essential drivers ... [    4.874466] raid6: sse2x1   gen()  9986 MB/s
[    4.924490] raid6: sse2x1   xor()  6948 MB/s
[    4.974483] raid6: sse2x2   gen() 11011 MB/s
[    5.024554] raid6: sse2x2   xor()  6822 MB/s
[    5.072747] raid6: sse2x4   gen()  8461 MB/s
[    5.124483] raid6: sse2x4   xor()  8717 MB/s
[    5.125632] raid6: using algorithm sse2x2 gen() 11011 MB/s
[    5.127873] raid6: .... xor() 6822 MB/s, rmw enabled
[    5.129112] raid6: using ssse3x2 recovery algorithm
[    5.132462] xor: automatically using best checksumming function   avx       
[    5.136534] async_tx: api initialized (async)
done.
Begin: Running /scripts/init-premount ... done.
Begin: Mounting root file system ... Begin: Running /scripts/local-top ... done.
Begin: Running /scripts/local-premount ... [    5.199508] Btrfs loaded, crc32c=crc32c-intel
Scanning for Btrfs filesystems
done.
Warning: fsck not present, so skipping root file system
[    5.283289] EXT4-fs (sda1): mounted filesystem with ordered data mode. Opts: (null)
done.
Begin: Running /scripts/local-bottom ... done.
Begin: Running /scripts/init-bottom ... done.
[    6.411741] ip_tables: (C) 2000-2006 Netfilter Core Team
[    6.491810] systemd[1]: systemd 237 running in system mode. (+PAM +AUDIT +SELINUX +IMA +APPARMOR +SMACK +SYSVINIT +UTMP +LIBCRYPTSETUP +GCRYPT +GNUTLS +ACL +XZ +LZ4 +SECCOMP +BLKID +ELFUTILS +KMOD -IDN2 +IDN -PCRE2 default-hierarchy=hybrid)
[    6.499876] systemd[1]: Detected virtualization oracle.
[    6.501013] systemd[1]: Detected architecture x86-64.

Welcome to [1mUbuntu 18.04.2 LTS[0m!

[    6.518923] systemd[1]: Set hostname to <ubuntu>.
[    6.534735] systemd[1]: Initializing machine ID from random generator.
[    6.536573] systemd[1]: Installed transient /etc/machine-id file.
[    7.311346] random: crng init done
[    7.312757] random: 7 urandom warning(s) missed due to ratelimiting
[    7.661894] systemd[1]: Started Forward Password Requests to Wall Directory Watch.
[[0;32m  OK  [0m] Started Forward Password Requests to Wall Directory Watch.
[    7.667279] systemd[1]: Reached target User and Group Name Lookups.
[[0;32m  OK  [0m] Reached target User and Group Name Lookups.
[    7.675235] systemd[1]: Created slice System Slice.
[[0;32m  OK  [0m] Created slice System Slice.
[    7.679833] systemd[1]: Listening on Syslog Socket.
[[0;32m  OK  [0m] Listening on Syslog Socket.
[[0;32m  OK  [0m] Listening on udev Kernel Socket.
[[0;32m  OK  [0m] Listening on /dev/initctl Compatibility Named Pipe.
[[0;32m  OK  [0m] Listening on LVM2 metadata daemon socket.
[[0;32m  OK  [0m] Listening on Network Service Netlink Socket.
[[0;32m  OK  [0m] Created slice system-serial\x2dgetty.slice.
[[0;32m  OK  [0m] Listening on Journal Audit Socket.
[[0;32m  OK  [0m] Listening on Journal Socket (/dev/log).
[[0;32m  OK  [0m] Created slice User and Session Slice.
[[0;32m  OK  [0m] Reached target Slices.
[[0;32m  OK  [0m] Listening on udev Control Socket.
[[0;32m  OK  [0m] Listening on Journal Socket.
         Starting Create list of required stâ€¦ce nodes for the current kernel...
         Mounting Huge Pages File System...
         Starting udev Coldplug all Devices...
         Mounting Kernel Debug File System...
         Starting Journal Service...
         Starting Remount Root and Kernel File Systems...
         Starting Set the console keyboard layout...
         Starting Load Kernel Modules...
[[0;32m  OK  [0m] Listening on Device-mapper event daemon FIFOs.
         Starting Monitoring of LVM2 mirrorsâ€¦ng dmeventd or progress polling...
[[0;32m  OK  [0m] Reached target Swap.
[[0;32m  OK  [0m] Reached target System Time Synchronized.
[[0;32m  OK  [0m] Listening on LVM2 poll daemon socket.
         Mounting POSIX Message Queue File System...
         Starting Uncomplicated firewall...
[[0;32m  OK  [0m] Set up automount Arbitrary Executabâ€¦rmats File System Automount Point.
[[0;32m  OK  [0m] Started Journal Service.
[[0;32m  OK  [0m] Started Create list of required staâ€¦vice nodes for the current kernel.
         Starting Create Static Device Nodes in /dev...
[[0;32m  OK  [0m] Started Uncomplicated firewall.
[[0;32m  OK  [0m] Started udev Coldplug all Devices.
[    8.176122] Loading iSCSI transport class v2.0-870.
[    8.583701] iscsi: registered transport (tcp)
[[0;32m  OK  [0m] Started Create Static Device Nodes in /dev.
[    8.727534] iscsi: registered transport (iser)
[[0;32m  OK  [0m] Started Load Kernel Modules.
         Mounting Kernel Configuration File System...
         Starting Apply Kernel Variables...
         Mounting FUSE Control File System...
[[0;32m  OK  [0m] Started Apply Kernel Variables.
[[0;32m  OK  [0m] Mounted Kernel Debug File System.
[[0;32m  OK  [0m] Mounted Huge Pages File System.
[[0;32m  OK  [0m] Started Remount Root and Kernel File Systems.
[[0;32m  OK  [0m] Mounted POSIX Message Queue File System.
[[0;32m  OK  [0m] Mounted Kernel Configuration File System.
[[0;32m  OK  [0m] Mounted FUSE Control File System.
         Starting Load/Save Random Seed...
         Starting udev Kernel Device Manager...
         Starting Flush Journal to Persistent Storage...
[[0;32m  OK  [0m] Started Load/Save Random Seed.
[[0;32m  OK  [0m] Started udev Kernel Device Manager.
[[0;32m  OK  [0m] Started Flush Journal to Persistent Storage.
[[0;32m  OK  [0m] Started LVM2 metadata daemon.
[[0;32m  OK  [0m] Started Monitoring of LVM2 mirrors,â€¦sing dmeventd or progress polling.
[[0;32m  OK  [0m] Found device /dev/ttyS0.
[[0;32m  OK  [0m] Listening on Load/Save RF Kill Switch Status /dev/rfkill Watch.
[[0;32m  OK  [0m] Started Set the console keyboard layout.
[[0;32m  OK  [0m] Started Dispatch Password Requests to Console Directory Watch.
[[0;32m  OK  [0m] Reached target Local Encrypted Volumes.
[[0;32m  OK  [0m] Reached target Local File Systems (Pre).
[[0;32m  OK  [0m] Reached target Local File Systems.
         Starting AppArmor initialization...
         Starting ebtables ruleset management...
         Starting Create Volatile Files and Directories...
         Starting Commit a transient machine-id on disk...
         Starting Tell Plymouth To Write Out Runtime Data...
         Starting Set console font and keymap...
[[0;32m  OK  [0m] Started Tell Plymouth To Write Out Runtime Data.
[[0;32m  OK  [0m] Started Set console font and keymap.
[[0;32m  OK  [0m] Started Create Volatile Files and Directories.
         Starting Update UTMP about System Boot/Shutdown...
[[0;32m  OK  [0m] Started Commit a transient machine-id on disk.
[[0;32m  OK  [0m] Started Update UTMP about System Boot/Shutdown.
[[0;32m  OK  [0m] Started ebtables ruleset management.
[[0;32m  OK  [0m] Started AppArmor initialization.
         Starting Initial cloud-init job (pre-networking)...
[   17.667453] cloud-init[670]: Cloud-init v. 19.1-1-gbaa47854-0ubuntu1~18.04.1 running 'init-local' at Tue, 04 Jun 2019 14:16:19 +0000. Up 16.96 seconds.
[[0;32m  OK  [0m] Started Initial cloud-init job (pre-networking).
[[0;32m  OK  [0m] Reached target Network (Pre).
         Starting Network Service...
[[0;32m  OK  [0m] Started Network Service.
         Starting Network Name Resolution...
         Starting Wait for Network to be Configured...
[[0;32m  OK  [0m] Started Network Name Resolution.
[[0;32m  OK  [0m] Reached target Network.
[[0;32m  OK  [0m] Reached target Host and Network Name Lookups.
[[0;32m  OK  [0m] Started Wait for Network to be Configured.
         Starting Initial cloud-init job (metadata service crawler)...
[   20.492585] cloud-init[792]: Cloud-init v. 19.1-1-gbaa47854-0ubuntu1~18.04.1 running 'init' at Tue, 04 Jun 2019 14:16:23 +0000. Up 20.27 seconds.
[   20.495302] cloud-init[792]: ci-info: ++++++++++++++++++++++++++++++++++++++Net device info+++++++++++++++++++++++++++++++++++++++
[   20.497658] cloud-init[792]: ci-info: +--------+-------+----------------------------+---------------+--------+-------------------+
[   20.499975] cloud-init[792]: ci-info: | Device |   Up  |          Address           |      Mask     | Scope  |     Hw-Address    |
[   20.502383] cloud-init[792]: ci-info: +--------+-------+----------------------------+---------------+--------+-------------------+
[   20.504826] cloud-init[792]: ci-info: | enp0s3 |  True |         10.0.2.15          | 255.255.255.0 | global | 02:89:59:7e:34:d3 |
[   20.507172] cloud-init[792]: ci-info: | enp0s3 |  True | fe80::89:59ff:fe7e:34d3/64 |       .       |  link  | 02:89:59:7e:34:d3 |
[   20.509593] cloud-init[792]: ci-info: | enp0s8 | False |             .              |       .       |   .    | 08:00:27:06:c7:c9 |
[   20.512032] cloud-init[792]: ci-info: |   lo   |  True |         127.0.0.1          |   255.0.0.0   |  host  |         .         |
[   20.514455] cloud-init[792]: ci-info: |   lo   |  True |          ::1/128           |       .       |  host  |         .         |
[   20.516694] cloud-init[792]: ci-info: +--------+-------+----------------------------+---------------+--------+-------------------+
[   20.519113] cloud-init[792]: ci-info: ++++++++++++++++++++++++++++Route IPv4 info+++++++++++++++++++++++++++++
[   20.521205] cloud-init[792]: ci-info: +-------+-------------+----------+-----------------+-----------+-------+
[   20.523234] cloud-init[792]: ci-info: | Route | Destination | Gateway  |     Genmask     | Interface | Flags |
[   20.524911] cloud-init[792]: ci-info: +-------+-------------+----------+-----------------+-----------+-------+
[   20.526233] cloud-init[792]: ci-info: |   0   |   0.0.0.0   | 10.0.2.2 |     0.0.0.0     |   enp0s3  |   UG  |
[   20.527870] cloud-init[792]: ci-info: |   1   |   10.0.2.0  | 0.0.0.0  |  255.255.255.0  |   enp0s3  |   U   |
[   20.529800] cloud-init[792]: ci-info: |   2   |   10.0.2.2  | 0.0.0.0  | 255.255.255.255 |   enp0s3  |   UH  |
[   20.531853] cloud-init[792]: ci-info: +-------+-------------+----------+-----------------+-----------+-------+
[   20.533849] cloud-init[792]: ci-info: +++++++++++++++++++Route IPv6 info+++++++++++++++++++
[   20.535758] cloud-init[792]: ci-info: +-------+-------------+---------+-----------+-------+
[   20.537562] cloud-init[792]: ci-info: | Route | Destination | Gateway | Interface | Flags |
[   20.539282] cloud-init[792]: ci-info: +-------+-------------+---------+-----------+-------+
[   20.541093] cloud-init[792]: ci-info: |   1   |  fe80::/64  |    ::   |   enp0s3  |   U   |
[   20.544201] cloud-init[792]: ci-info: |   3   |    local    |    ::   |   enp0s3  |   U   |
[   20.545977] cloud-init[792]: ci-info: |   4   |   ff00::/8  |    ::   |   enp0s3  |   U   |
[   20.547765] cloud-init[792]: ci-info: +-------+-------------+---------+-----------+-------+
[   22.298866] cloud-init[792]: Generating public/private rsa key pair.
[   22.301046] cloud-init[792]: Your identification has been saved in /etc/ssh/ssh_host_rsa_key.
[   22.304493] cloud-init[792]: Your public key has been saved in /etc/ssh/ssh_host_rsa_key.pub.
[   22.307789] cloud-init[792]: The key fingerprint is:
[   22.309139] cloud-init[792]: SHA256:pUSN3uyKfc9AYBNdTlPCydSkSk5KvIB3sE1lkHVB9wg root@ubuntu-bionic
[   22.311090] cloud-init[792]: The key's randomart image is:
[   22.312500] cloud-init[792]: +---[RSA 2048]----+
[   22.313720] cloud-init[792]: |      . =O+*E*+  |
[   22.314935] cloud-init[792]: |     . Booo++*.o |
[   22.316074] cloud-init[792]: |    . +.Xo+ o . .|
[   22.317262] cloud-init[792]: |     . *.@o.     |
[   22.318364] cloud-init[792]: |        S.+      |
[   22.319533] cloud-init[792]: |         ..      |
[   22.320728] cloud-init[792]: |       o ..      |
[   22.321877] cloud-init[792]: |      . o .o     |
[   22.323020] cloud-init[792]: |         . .o    |
[   22.324137] cloud-init[792]: +----[SHA256]-----+
[   22.325297] cloud-init[792]: Generating public/private dsa key pair.
[   22.326674] cloud-init[792]: Your identification has been saved in /etc/ssh/ssh_host_dsa_key.
[   22.329333] cloud-init[792]: Your public key has been saved in /etc/ssh/ssh_host_dsa_key.pub.
[   22.331150] cloud-init[792]: The key fingerprint is:
[   22.332429] cloud-init[792]: SHA256:jsFt3J/xEqLayUnYb9lhkjw27GYokJYjvfaa3WgZL2o root@ubuntu-bionic
[   22.334334] cloud-init[792]: The key's randomart image is:
[   22.335645] cloud-init[792]: +---[DSA 1024]----+
[   22.336923] cloud-init[792]: |                 |
[   22.338066] cloud-init[792]: |                 |
[   22.339522] cloud-init[792]: |                 |
[   22.341420] cloud-init[792]: |     . o .       |
[   22.342692] cloud-init[792]: |   . oo Soo.o    |
[   22.343887] cloud-init[792]: |  . B .B .Ooo=   |
[   22.344970] cloud-init[792]: |   o +o+=+ B+..  |
[   22.346041] cloud-init[792]: |    Eo=Bo+* ..   |
[   22.347098] cloud-init[792]: |   o+==o*+.      |
[   22.348287] cloud-init[792]: +----[SHA256]-----+
[   22.349458] cloud-init[792]: Generating public/private ecdsa key pair.
[   22.350931] cloud-init[792]: Your identification has been saved in /etc/ssh/ssh_host_ecdsa_key.
[   22.352819] cloud-init[792]: Your public key has been saved in /etc/ssh/ssh_host_ecdsa_key.pub.
[   22.354671] cloud-init[792]: The key fingerprint is:
[   22.355998] cloud-init[792]: SHA256:S3I8LN9njgLtZp7ENAsktciJaYG9HiwKG4WHdsHS1no root@ubuntu-bionic
[   22.357968] cloud-init[792]: The key's randomart image is:
[   22.359336] cloud-init[792]: +---[ECDSA 256]---+
[   22.360615] cloud-init[792]: | =+.o .          |
[   22.361847] cloud-init[792]: |+o+X = .         |
[   22.363090] cloud-init[792]: |.+B.* o          |
[   22.364390] cloud-init[792]: |+.+. E o         |
[   22.365605] cloud-init[792]: |o= .. +.S        |
[   22.366828] cloud-init[792]: |o .   .X.*       |
[   22.368049] cloud-init[792]: |       o* . o    |
[   22.369326] cloud-init[792]: |       .=. =     |
[   22.370514] cloud-init[792]: |       +o.. .    |
[   22.371740] cloud-init[792]: +----[SHA256]-----+
[   22.373014] cloud-init[792]: Generating public/private ed25519 key pair.
[   22.374565] cloud-init[792]: Your identification has been saved in /etc/ssh/ssh_host_ed25519_key.
[   22.376512] cloud-init[792]: Your public key has been saved in /etc/ssh/ssh_host_ed25519_key.pub.
[   22.378341] cloud-init[792]: The key fingerprint is:
[   22.379584] cloud-init[792]: SHA256:m8s5MNKv4Zec+ZYRZz0jJ6ojRMsN/VJWgB6U3HbCvog root@ubuntu-bionic
[   22.381527] cloud-init[792]: The key's randomart image is:
[   22.382766] cloud-init[792]: +--[ED25519 256]--+
[   22.383942] cloud-init[792]: |       o.=..     |
[   22.385075] cloud-init[792]: |        = = o    |
[   22.386221] cloud-init[792]: |       o + + .   |
[   22.387680] cloud-init[792]: |      o o = = =  |
[   22.389677] cloud-init[792]: |     + =S= * + o |
[   22.391436] cloud-init[792]: |    . E +o=      |
[[0;32m  OK  [0m] Started Initial cloud-init job (metadata service crawler).
[   22.401555] cloud-init[[0;32m  OK  [0m] Reached target System Initialization.
[[0;32m  OK  [0m] Listening on ACPID Listen Socket.
[[0;32m  OK  [0m] Started Message of the Day.
[[0;32m  OK  [0m] Started Discard unused blocks once a week.
[[0;32m  OK  [0m] Listening on Open-iSCSI iscsid Socket.
[[0;32m  OK  [0m] Started Daily Cleanup of Temporary Directories.
[792]: |     o.=o* o     |
[   22.407170] cloud-init[792]: |     ..o@oo      |
[   22.408015] cloud-init[792]: |      o++=.      |
[   22.408923] cloud-init[792]: +----[SHA256]-----+
         Starting LXD - unix socket.
[[0;32m  OK  [0m] Started ACPI Events Check.
         Starting Socket activation for snappy daemon.
[[0;32m  OK  [0m] Reached target Paths.
[[0;32m  OK  [0m] Started Daily apt download activities.
[[0;32m  OK  [0m] Started Daily apt upgrade and clean activities.
[[0;32m  OK  [0m] Reached target Timers.
[[0;32m  OK  [0m] Listening on UUID daemon activation socket.
[[0;32m  OK  [0m] Listening on D-Bus System Message Bus Socket.
[[0;32m  OK  [0m] Reached target Network is Online.
[[0;32m  OK  [0m] Reached target Remote File Systems (Pre).
[[0;32m  OK  [0m] Reached target Remote File Systems.
         Starting Availability of block devices...
[[0;32m  OK  [0m] Reached target Cloud-config availability.
[[0;32m  OK  [0m] Listening on LXD - unix socket.
[[0;32m  OK  [0m] Listening on Socket activation for snappy daemon.
[[0;32m  OK  [0m] Reached target Sockets.
[[0;32m  OK  [0m] Reached target Basic System.
[[0;32m  OK  [0m] Started FUSE filesystem for LXC.
         Starting Pollinate to seed the pseudo random number generator...
         Starting Permit User Sessions...
         Starting Virtualbox guest utils...
         Starting LSB: automatic crash report generation...
         Starting LXD - container startup/shutdown...
[[0;32m  OK  [0m] Started irqbalance daemon.
         Starting Snappy daemon...
         Starting LSB: Record successful boot for GRUB...
[[0;32m  OK  [0m] Started D-Bus System Message Bus.
         Starting Dispatcher daemon for systemd-networkd...
         Starting Login Service...
[[0;32m  OK  [0m] Started Regular background program processing daemon.
         Starting System Logging Service...
         Starting Accounts Service...
[[0;32m  OK  [0m] Started Deferred execution scheduler.
[[0;32m  OK  [0m] Started Availability of block devices.
[[0;32m  OK  [0m] Started Permit User Sessions.
         Starting Hold until boot process finishes up...
         Starting Terminate Plymouth Boot Screen...
[[0;32m  OK  [0m] Started Hold until boot process finishes up.
[[0;32m  OK  [0m] Started Serial Getty on ttyS0.
         Starting Set console scheme...
[[0;32m  OK  [0m] Started Terminate Plymouth Boot Screen.
[[0;32m  OK  [0m] Started Login Service.
[[0;32m  OK  [0m] Started Unattended Upgrades Shutdown.
[[0;32m  OK  [0m] Started LSB: Record successful boot for GRUB.
[[0;32m  OK  [0m] Started Set console scheme.
[[0;32m  OK  [0m] Created slice system-getty.slice.
[[0;32m  OK  [0m] Started Getty on tty1.
[[0;32m  OK  [0m] Reached target Login Prompts.
[[0;32m  OK  [0m] Started System Logging Service.
[[0;32m  OK  [0m] Started LSB: automatic crash report generation.
         Starting Authorization Manager...
[[0;32m  OK  [0m] Started Virtualbox guest utils.
[[0;32m  OK  [0m] Started Authorization Manager.
[[0;32m  OK  [0m] Started Accounts Service.
[[0;32m  OK  [0m] Started Dispatcher daemon for systemd-networkd.
[[0;32m  OK  [0m] Started LXD - container startup/shutdown.
[[0;32m  OK  [0m] Started Snappy daemon.
         Starting Wait until snapd is fully seeded...
[[0;32m  OK  [0m] Started Pollinate to seed the pseudo random number generator.
         Starting OpenBSD Secure Shell server...
[[0;32m  OK  [0m] Started OpenBSD Secure Shell server.
[[0;32m  OK  [0m] Created slice User Slice of vagrant.
         Starting User Manager for UID 1000...
[[0;32m  OK  [0m] Started Session 1 of user vagrant.

Ubuntu 18.04.2 LTS ubuntu-bionic ttyS0

ubuntu-bionic login: [   37.396372] cloud-init[1723]: Cloud-init v. 19.1-1-gbaa47854-0ubuntu1~18.04.1 running 'modules:config' at Tue, 04 Jun 2019 14:16:39 +0000. Up 36.26 seconds.
ci-info: no authorized ssh keys fingerprints found for user ubuntu.
<14>Jun  4 14:16:41 ec2: 
<14>Jun  4 14:16:41 ec2: #############################################################
<14>Jun  4 14:16:41 ec2: -----BEGIN SSH HOST KEY FINGERPRINTS-----
<14>Jun  4 14:16:41 ec2: 1024 SHA256:jsFt3J/xEqLayUnYb9lhkjw27GYokJYjvfaa3WgZL2o root@ubuntu-bionic (DSA)
<14>Jun  4 14:16:41 ec2: 256 SHA256:S3I8LN9njgLtZp7ENAsktciJaYG9HiwKG4WHdsHS1no root@ubuntu-bionic (ECDSA)
<14>Jun  4 14:16:41 ec2: 256 SHA256:m8s5MNKv4Zec+ZYRZz0jJ6ojRMsN/VJWgB6U3HbCvog root@ubuntu-bionic (ED25519)
<14>Jun  4 14:16:41 ec2: 2048 SHA256:pUSN3uyKfc9AYBNdTlPCydSkSk5KvIB3sE1lkHVB9wg root@ubuntu-bionic (RSA)
<14>Jun  4 14:16:41 ec2: -----END SSH HOST KEY FINGERPRINTS-----
<14>Jun  4 14:16:41 ec2: #############################################################
-----BEGIN SSH HOST KEY KEYS-----
ecdsa-sha2-nistp256 AAAAE2VjZHNhLXNoYTItbmlzdHAyNTYAAAAIbmlzdHAyNTYAAABBBKGajtWdCNDILZZwnL4JBhPMmaiG93IY+5UjjNbNwclH/0D9gBnR6FGzdwb+VgswdUazSBibt0AQ5veSCKUNv7Y= root@ubuntu-bionic
ssh-ed25519 AAAAC3NzaC1lZDI1NTE5AAAAIEUGBVyOerMLV1GZzct4DXQ4Rmo6MObg3W8OHFoTPJBc root@ubuntu-bionic
ssh-rsa AAAAB3NzaC1yc2EAAAADAQABAAABAQDX0LJ38R+pg1ehzADSRL7cGBS93XNh53JRl7bxk9CkhGFTlm9G1+prRlEuPKSgLe07pfyc+lbJ1b8gWMyNG4I8EAiG7Ie1ImjKVDl+Onb1iHQevhaoGaEhbv+g9mEXjVI7httMg5g/UdjjGsoJSLzYsumLceoEmogf/7Uq58mFe72/VbvgQMK33Zml2Jowr8Q7GiIrDXaVfhXNEVomR+3z2FPkQ8xuYrO1lpXdfQKIIUuTDgsEO4gyAG+MLgBHIyV+R2o/ZFrGWYB7ufR5vsrwtfnklVdbl//OowAA0KKH7YWJl4Opj7BO39jC7ouMWuz9vTDp0fE84m9bll+8T8Et root@ubuntu-bionic
-----END SSH HOST KEY KEYS-----
[   38.280826] cloud-init[1868]: Cloud-init v. 19.1-1-gbaa47854-0ubuntu1~18.04.1 running 'modules:final' at Tue, 04 Jun 2019 14:16:40 +0000. Up 37.98 seconds.
[   38.280973] cloud-init[1868]: ci-info: no authorized ssh keys fingerprints found for user ubuntu.
[   38.282851] cloud-init[1868]: Cloud-init v. 19.1-1-gbaa47854-0ubuntu1~18.04.1 finished at Tue, 04 Jun 2019 14:16:41 +0000. Datasource DataSourceNoCloud [seed=/dev/sdb][dsmode=net].  Up 38.26 seconds
